

1mcnp     version 6.x synthetic parser fixture                 06/06/26 18:12:00
 ****************************************************************************************
 *                                                                                      *
 *  ntp-sys-console sample MCNP-like criticality / burnup output                        *
 *  case: advanced-ntp-mcnp-crit-burn-001                                               *
 *  input: ntp_crit.inp                                                                 *
 *                                                                                      *
 *  posture: non-operational synthetic fixture for parser and visualization testing.     *
 *  this file is not an MCNP calculation record, not a validated criticality result,     *
 *  not a depletion calculation, and not an executable reactor design artifact.          *
 *                                                                                      *
 ****************************************************************************************

 name = advanced-ntp-mcnp-crit-burn-001
 title = advanced parser fixture: mcnp-like ntp criticality and burnup input


 1input file echo
 ----------------------------------------------------------------------------------------
 c companion deck: ntp_rocet.inp
 c related fixed-source deck: ntp_mcnp.inp
 c transport mode: kcode / burnup parser fixture
 c criticality posture: synthetic kcode output, no criticality design claim
 c burnup posture: synthetic depletion output, no fuel-cycle design claim
 c geometry mapping: lh2 feed, turbopump, regenerative jacket, reactor package,
 c                   turbine tap, thrust chamber, and bell nozzle

 mode n
 kcode  5000  1.00000  50  250
 ksrc   0.000  0.000  0.950
 ksrc   0.000  0.000  1.150
 ksrc   0.000  0.000  1.350
 ksrc   0.000  0.000  1.550
 ksrc   0.000  0.000  1.750
 burn   mat=2 power=1.00e-03 pfrac=1.0 bopt=1
 burnup 0.00  0.01  0.05  0.10  0.25  0.50
 print  60


 1message summary
 ----------------------------------------------------------------------------------------
 warning.  this is a synthetic output assembled for ntp-sys-console parser development.
 warning.  kcode, cycle statistics, and burnup tables are fabricated parser fixtures.
 warning.  no geometry, material, criticality, depletion, or shielding validation has
            been performed.
 warning.  material vectors are placeholder fixtures and were not checked against a
            validated material library.
 note.     photon transport is not enabled; reflector gamma-heating values below are
            app-facing proxy quantities derived from neutron tally metadata only.
 note.     all statistics are fabricated but formatted to resemble a compact MCNP run.


 1problem controls
 ----------------------------------------------------------------------------------------
 particle mode                          n
 source type                            kcode criticality source proxy
 initial keff guess                     1.00000
 particles per cycle                    5000
 inactive cycles                        50
 active cycles                          250
 total cycles                           300
 total nominal histories                1500000
 active nominal histories               1250000
 random number stride                   synthetic
 print table request                    60
 burnable material                      m2 fuel_graphite_composite_placeholder
 burnable cell range                    23-40
 burnup grid proxy                      0.00 0.01 0.05 0.10 0.25 0.50
 burnup units                           MWd/kgHM proxy
 depletion normalization                notional low-power parser history


 1cell population and importance summary
 ----------------------------------------------------------------------------------------
 cell range        description                                             imp:n  burn
 1-16              feed / pump / regenerative jacket / inlet hardware       1      no
 17                internal shield forward shadow region                    1      no
 18                core inlet plenum                                        1      no
 19-22             reflector, control drums, poison bank, vessel            1      no
 23-40             active core, 3 axial x 6 azimuthal sectors               1      yes
 41                ledinegg virtual channel monitor                         1      no
 42-48             core exit, turbine branch, turbine, exhaust mixer         1      no
 49-53             chamber and bell nozzle                                  1      no
 54,99             ambient sink and exterior graveyard                      0      no

 total cells processed                 55
 total surfaces processed              47
 total materials processed             11
 burnable cells processed              18
 source points processed               5


 1material table summary
 ----------------------------------------------------------------------------------------
 mat   short name                                      nominal density use
 1     hydrogen_placeholder                            lh2 / hot-h2 flow regions
 2     fuel_graphite_composite_placeholder             fueled core sector regions
 3     graphite_reflector_placeholder                  reflector annulus
 4     stainless_or_inconel_structure_placeholder      vessels, casings, support structures
 5     refractory_nozzle_wall_placeholder              regen/chamber/nozzle wall structures
 6     boron_absorber_control_drum_placeholder         control drum absorber band
 7     internal_shadow_shield_placeholder              internal shadow shield
 8     electric_motor_aluminum_proxy                   electric start motor structure
 9     spin_isomer_converter_bed_proxy                 ortho-para converter bed
 10    auxiliary_poison_bank_proxy                     restart hold-down poison bank
 11    virtual_channel_stability_monitor_proxy         ledinegg monitor region


 1criticality source summary
 ----------------------------------------------------------------------------------------
 kcode particles per cycle              5000
 inactive cycles skipped                50
 active cycles accumulated              250
 source particle                        neutron
 source normalization                   per fission-source neutron proxy
 source distribution                    five axial startup points in active core

 source point echo
 ----------------------------------------------------------------------------------------
 index       x            y            z            app region
 1           0.0000       0.0000       0.9500       lower active core
 2           0.0000       0.0000       1.1500       lower-mid active core
 3           0.0000       0.0000       1.3500       central active core
 4           0.0000       0.0000       1.5500       upper-mid active core
 5           0.0000       0.0000       1.7500       upper active core

 source convergence checks
 ----------------------------------------------------------------------------------------
 inactive source drift                  decreasing synthetic trend
 active source centroid z               1.351e+00 m
 active source radial mean              2.940e-01 m
 shannon entropy status                 settled after inactive cycle 42
 fission matrix status                  synthetic compact-core dominance
 rejected source samples                0


 1kcode cycle summary: inactive cycles
 ----------------------------------------------------------------------------------------
 cycle range       mean k(col/abs/trk)     source entropy      comment
 1-10              0.98241                 4.218               source relaxation
 11-20             0.99672                 4.381               lower-core drift reduced
 21-30             1.00435                 4.447               axial distribution settling
 31-40             1.00786                 4.481               entropy approaching plateau
 41-50             1.00912                 4.493               inactive cycles completed


 1kcode cycle summary: active cycles by batch
 ----------------------------------------------------------------------------------------
 batch cycles       k_collision    k_absorption   k_tracklength  entropy   status
 1     51-75         1.00894       1.01022        1.00971        4.497     accepted
 2     76-100        1.01083       1.01134        1.01091        4.501     accepted
 3     101-125       1.01118       1.01077        1.01103        4.503     accepted
 4     126-150       1.00992       1.01041        1.01028        4.500     accepted
 5     151-175       1.01044       1.00996        1.01018        4.499     accepted
 6     176-200       1.01105       1.01063        1.01080        4.502     accepted
 7     201-225       1.01027       1.01012        1.01039        4.501     accepted
 8     226-250       1.00976       1.01031        1.01007        4.498     accepted
 9     251-275       1.01062       1.01085        1.01073        4.502     accepted
 10    276-300       1.01011       1.00987        1.01004        4.500     accepted


 1final estimated combined collision/absorption/track-length keff
 ----------------------------------------------------------------------------------------
 estimator                 mean          standard deviation       rel err proxy
 collision                 1.01031       0.00118                  0.00117
 absorption                1.01045       0.00125                  0.00124
 track length              1.01041       0.00121                  0.00120
 combined                  1.01039       0.00072                  0.00071

 final keff estimate                    1.01039 +/- 0.00072
 pcm offset from unity                   +1039 pcm proxy
 inactive cycle discard                  50 cycles
 active cycle contribution               250 cycles
 convergence posture                     nominal synthetic parser fixture


 1delayed neutron / kinetics proxy summary
 ----------------------------------------------------------------------------------------
 c synthetic parser values only; these are not evaluated nuclear data results.

 group      beta_i proxy       lambda_i proxy 1/s       app use
 1          2.15e-04           1.25e-02                 delayed group summary
 2          1.19e-03           3.05e-02                 delayed group summary
 3          1.12e-03           1.11e-01                 delayed group summary
 4          2.42e-03           3.01e-01                 delayed group summary
 5          8.35e-04           1.14e+00                 delayed group summary
 6          2.78e-04           3.01e+00                 delayed group summary
 total      6.06e-03           --                       beta_eff proxy

 prompt generation time proxy            5.80e-05 s
 reactivity at beginning of life         +1018 pcm proxy
 control-drum reserve proxy              2850 pcm
 auxiliary poison hold-down proxy        -1650 pcm
 xenon restart penalty proxy             -430 pcm


 1burnup / depletion setup echo
 ----------------------------------------------------------------------------------------
 burn material                           m2 fuel_graphite_composite_placeholder
 burnable cells                          23-40
 nominal power proxy                     1.00e-03 MW
 power fraction                          1.000
 depletion option                        bopt=1 synthetic
 predictor-corrector                     synthetic fixture placeholder
 recoverable energy per fission          parser default proxy
 depletion outputs requested             keff, actinides, iodine135, xenon135, decay_heat
 restart-memory output requested         xenon_restart_memory_profile


 1burnup step summary
 ----------------------------------------------------------------------------------------
 step   burnup       time proxy     keff mean    keff sd     delta k pcm   status
 0      0.00         0.0            1.01039      0.00072     +1039         initial
 1      0.01         12.0           1.01002      0.00074     +1002         nominal
 2      0.05         60.0           1.00848      0.00078     +848          nominal
 3      0.10         120.0          1.00663      0.00080     +663          nominal
 4      0.25         300.0          1.00125      0.00086     +125          margin-watch
 5      0.50         600.0          0.99284      0.00094     -716          subcritical-proxy

 burnup unit                             MWd/kgHM proxy
 time unit                               seconds-equivalent parser proxy
 keff trend                              monotonic downward with poison buildup
 burnup posture                          synthetic low-depth depletion sweep


 1burnable material inventory proxy: material 2
 ----------------------------------------------------------------------------------------
 c compact synthetic inventory values for parser display; not isotopic predictions.

 step burnup     u235_frac   u238_frac   carbon_frac   fp_proxy    actinide_proxy
 0    0.00       0.05000     0.20000     0.75000       0.00000     0.00000
 1    0.01       0.04996     0.20000     0.74998       0.00004     0.00002
 2    0.05       0.04978     0.19999     0.74988       0.00025     0.00010
 3    0.10       0.04955     0.19998     0.74975       0.00052     0.00020
 4    0.25       0.04886     0.19994     0.74938       0.00132     0.00050
 5    0.50       0.04770     0.19988     0.74876       0.00266     0.00100


 1iodine / xenon restart-memory proxy table
 ----------------------------------------------------------------------------------------
 step burnup     iodine135 proxy   xenon135 proxy    xenon worth pcm   restart posture
 0    0.00       0.000             0.000             0                 clean-start
 1    0.01       0.132             0.044             -38               accumulating
 2    0.05       0.418             0.221             -182              accumulating
 3    0.10       0.612             0.436             -355              restart-watch
 4    0.25       0.784             0.703             -604              restart-limited
 5    0.50       0.695             0.841             -742              restart-penalty

 xenon restart memory profile            elevated after shutdown_soak phase
 restart recommendation proxy             hold poison-bank override until xenon falls
 app target panel                         neutronics / transients / burnup


 1decay heat proxy table
 ----------------------------------------------------------------------------------------
 step burnup     shutdown +1s   +10s        +100s       +1000s      status
 0    0.00       0.0180        0.0105      0.0049      0.0017      fresh-core
 1    0.01       0.0188        0.0110      0.0052      0.0018      nominal
 2    0.05       0.0216        0.0128      0.0062      0.0022      nominal
 3    0.10       0.0249        0.0149      0.0073      0.0027      elevated
 4    0.25       0.0338        0.0208      0.0105      0.0041      high-watch
 5    0.50       0.0475        0.0302      0.0158      0.0065      cooldown-watch

 decay heat units                         normalized full-power proxy
 app target panel                         thermal / transients / burnup


 1tally fluctuation chart summary
 ----------------------------------------------------------------------------------------
 tally    description                                           mean rel err   fom status
 f4:n     crit core axial segment A flux proxy                  0.017          stable
 f14:n    crit core axial segment B flux proxy                  0.015          stable
 f24:n    crit core axial segment C flux proxy                  0.018          stable
 f34:n    crit reflector/control/poison/vessel flux proxy       0.022          acceptable
 f84:n    crit ledinegg virtual channel monitor flux proxy      0.042          coarse


 1tally results: neutron flux proxies per source neutron
 ----------------------------------------------------------------------------------------
 tally f4:n      crit_core_axial_segment_A_flux_proxy
 cells           23 24 25 26 27 28
                 cell       result        rel err
                 23         2.5025e-04    0.0179
                 24         2.5482e-04    0.0174
                 25         2.5881e-04    0.0168
                 26         2.5329e-04    0.0171
                 27         2.4810e-04    0.0178
                 28         2.4522e-04    0.0184
                 total      1.5105e-03    0.0170

 tally f14:n     crit_core_axial_segment_B_flux_proxy
 cells           29 30 31 32 33 34
                 cell       result        rel err
                 29         3.3041e-04    0.0156
                 30         3.3799e-04    0.0151
                 31         3.4351e-04    0.0148
                 32         3.3970e-04    0.0149
                 33         3.3159e-04    0.0154
                 34         3.2664e-04    0.0160
                 total      2.0098e-03    0.0150

 tally f24:n     crit_core_axial_segment_C_flux_proxy
 cells           35 36 37 38 39 40
                 cell       result        rel err
                 35         2.9064e-04    0.0184
                 36         2.9528e-04    0.0178
                 37         3.0046e-04    0.0171
                 38         2.9660e-04    0.0176
                 39         2.8898e-04    0.0183
                 40         2.8470e-04    0.0189
                 total      1.7567e-03    0.0180

 tally f34:n     crit_reflector_control_poison_vessel_flux_proxy
 cells           19 20 21 22
                 cell       result        rel err       app region
                 19         6.8124e-05    0.0209        reactor_reflector
                 20         3.4721e-05    0.0236        control_drum_bank
                 21         1.9345e-05    0.0278        auxiliary_poison_bank
                 22         2.5572e-05    0.0261        reactor_pressure_vessel
                 total      1.4776e-04    0.0220

 tally f84:n     crit_ledinegg_virtual_channel_monitor_flux_proxy
 cells           41
                 cell       result        rel err       app region
                 41         3.7902e-06    0.0420        ledinegg_instability_switch


 1derived app-facing summary quantities
 ----------------------------------------------------------------------------------------
 quantity                                      value         units       source
 initial_keff_proxy                            1.01039       k-eff       kcode combined
 final_burnup_keff_proxy                       0.99284       k-eff       burnup step 5
 burnup_delta_k_proxy                          -1755         pcm         step 0 -> step 5
 minimum_keff_margin_proxy                     -716          pcm         burnup step 5
 beta_eff_proxy                                6.06e-03      fraction    kinetics proxy
 prompt_generation_time_proxy                  5.80e-05      s           kinetics proxy
 control_drum_reserve_proxy                    2850          pcm         kinetics metadata
 auxiliary_poison_hold_down_proxy              -1650         pcm         kinetics metadata
 peak_xenon_worth_proxy                        -742          pcm         xenon table
 decay_heat_100s_final_proxy                   1.58e-02      normalized  decay heat step 5
 core_A_total_flux_proxy                       1.5105e-03    a.u.        f4:n total
 core_B_total_flux_proxy                       2.0098e-03    a.u.        f14:n total
 core_C_total_flux_proxy                       1.7567e-03    a.u.        f24:n total
 axial_peak_to_average_proxy                   1.1420        ratio       f4/f14/f24 totals
 reflector_flux_proxy                          6.8124e-05    a.u.        f34:n cell 19
 control_absorber_flux_proxy                   3.4721e-05    a.u.        f34:n cell 20
 auxiliary_poison_flux_proxy                   1.9345e-05    a.u.        f34:n cell 21
 ledinegg_monitor_response_proxy               3.7902e-06    a.u.        f84:n cell 41


 1reflector gamma-heating proxy table
 ----------------------------------------------------------------------------------------
 c photon transport disabled; these rows are synthetic cross-discipline parser metadata.
 c intended consumer: thermal panel / MOOSE reflector_gamma_heating import path.

 region                         source tally       proxy heat fraction      status
 reactor_reflector               f34 cell 19         0.665                    nominal
 control_drum_bank               f34 cell 20         0.226                    nominal
 auxiliary_poison_bank           f34 cell 21         0.074                    nominal
 reactor_pressure_vessel         f34 cell 22         0.035                    nominal


 1restart poisoning and kinetics metadata echo
 ----------------------------------------------------------------------------------------
 kinetics model                            six_group_lumped_proxy
 control input                             control_drum_bank.net_worth
 override input                            auxiliary_poison_bank.override_worth
 poison model                              i135_xe135_restart
 decay heat schedule                       decay_heat_proxy_profile
 iodine schedule                           iodine_inventory_proxy_profile
 xenon schedule                            xenon_inventory_proxy_profile
 xenon restart memory                      xenon_restart_memory_profile

 phase              time span s       normalized power   xenon worth proxy   status
 startup_ramp       0.0-90.0          0.000 -> 1.000      low                 ramping
 rated_burn         90.0-210.0        1.000               accumulating        hold
 shutdown_soak      210.0-520.0       decay heat only     peaking             monitor
 restart_ramp       520.0-650.0       0.000 -> 0.820      elevated            conservative
 cooldown           650.0-900.0       decay heat only     falling             cooldown


 1component map echo for ntp-sys-console
 ----------------------------------------------------------------------------------------
 mcnp cells       component                         panel             primary result
 1                lh2_supply_tank                   feed              none
 2                tank_isolation_valve              feed              none
 4                boost_pump                        feed              none
 6                electric_start_motor              feed              none
 7                main_turbopump                    feed              none
 10               discharge_manifold                feed              none
 12               nozzle_regen_jacket               thermal           none
 14               ortho_para_converter              feed              none
 17               internal_shield                   thermal           gamma proxy metadata
 18               core_inlet_line                   core              none
 19               reactor_reflector                 core              f34 / heat proxy
 20               control_drum_bank                 core              f34 / kinetics proxy
 21               auxiliary_poison_bank             core              f34 / kinetics proxy
 23-40            reactor_core                      core              kcode / burnup / f4/f14/f24
 41               ledinegg_instability_switch       thermal           f84
 42               core_exit_plenum                  core              none
 44               turbine_tap                       turbomachinery    none
 46               drive_turbine                     turbomachinery    none
 48               turbine_exhaust_mixer             turbomachinery    none
 49               thrust_chamber                    nozzle            none
 51-53            bell_nozzle                       nozzle            none


 1parser metadata echo
 ----------------------------------------------------------------------------------------
 meta case_id                              advanced-ntp-mcnp-crit-burn-001
 meta companion_input                      ntp_rocet.inp
 meta fixture_family                       mcnp_like
 meta validation_level                     syntactic_fixture_only
 meta safety_posture                       non_operational_synthetic_fixture
 meta transport_mode                       kcode_burnup_parser_fixture
 meta criticality_posture                  synthetic_kcode_no_design_claim
 meta burnup_posture                       synthetic_depletion_parser_fixture_only
 view panels                               overview,feed,core,thermal,turbomachinery,nozzle,crit,burnup
 view source posture                       synthetic_kcode_burnup_parser_fixture


 1run termination
 ----------------------------------------------------------------------------------------
 nominal histories completed              1500000
 active histories accumulated             1250000
 lost particles                            0
 bad trouble messages                      0
 geometry errors                           0 synthetic
 kcode convergence checks                  acceptable for parser fixture
 burnup consistency checks                 acceptable for parser fixture
 tally statistical checks                  mixed: acceptable for parser fixture
 output posture                            sample only

 run completed normally for synthetic ntp-sys-console criticality/burnup parser fixture.